<?xml version="1.0" encoding="UTF-8"?>
<testsuites name="Sacred Technology Platform Tests" tests="0" failures="0" errors="0" time="6.777">
</testsuites>